#
# There is insufficient memory for the Java Runtime Environment to continue.
# Native memory allocation (mmap) failed to map 2147483648 bytes. Error detail: G1 virtual space
# Possible reasons:
#   The system is out of physical RAM or swap space
#   This process is running with CompressedOops enabled, and the Java Heap may be blocking the growth of the native heap
# Possible solutions:
#   Reduce memory load on the system
#   Increase physical memory or swap space
#   Check if swap backing store is full
#   Decrease Java heap size (-Xmx/-Xms)
#   Decrease number of Java threads
#   Decrease Java thread stack sizes (-Xss)
#   Set larger code cache with -XX:ReservedCodeCacheSize=
# This output file may be truncated or incomplete.
#
#  Out of Memory Error (os_windows.cpp:3686), pid=231856, tid=80192
#
# JRE version:  (21.0.7+6) (build )
# Java VM: OpenJDK 64-Bit Server VM (21.0.7+6-LTS, mixed mode, sharing, tiered, compressed oops, compressed class ptrs, g1 gc, windows-amd64)
# No core dump will be written. Minidumps are not enabled by default on client versions of Windows
#

---------------  S U M M A R Y ------------

Command Line: C:\Users\nklom\.gradle\build-scan-data\4.0.2\gradle-build-scan-background-upload-c55a876425acb43797b490ab53c8760d.jar

Host: AMD Ryzen 9 7950X3D 16-Core Processor          , 32 cores, 127G,  Windows 11 , 64 bit Build 26100 (10.0.26100.7920)
Time: Fri Mar 20 02:24:36 2026 W. Europe Standard Time elapsed time: 1.052332 seconds (0d 0h 0m 1s)

---------------  T H R E A D  ---------------

Current thread (0x000001387bb537a0):  JavaThread "Unknown thread" [_thread_in_vm, id=80192, stack(0x00000005fdd00000,0x00000005fde00000) (1024K)]

Stack: [0x00000005fdd00000,0x00000005fde00000]
Native frames: (J=compiled Java code, j=interpreted, Vv=VM code, C=native code)
V  [jvm.dll+0x6da869]
V  [jvm.dll+0x8b6d53]
V  [jvm.dll+0x8b90ae]
V  [jvm.dll+0x8b9793]
V  [jvm.dll+0x286446]
V  [jvm.dll+0x6d70e5]
V  [jvm.dll+0x6cadca]
V  [jvm.dll+0x35f72b]
V  [jvm.dll+0x3672f6]
V  [jvm.dll+0x3b9606]
V  [jvm.dll+0x3b98d8]
V  [jvm.dll+0x332e1c]
V  [jvm.dll+0x333b0b]
V  [jvm.dll+0x87f049]
V  [jvm.dll+0x3c67c1]
V  [jvm.dll+0x8682a3]
V  [jvm.dll+0x45a6de]
V  [jvm.dll+0x45c361]
C  [jli.dll+0x52ab]
C  [ucrtbase.dll+0x37b0]
C  [KERNEL32.DLL+0x2e8d7]
C  [ntdll.dll+0x8c48c]


---------------  P R O C E S S  ---------------

Threads class SMR info:
_java_thread_list=0x00007ff9a39ea088, length=0, elements={
}

Java Threads: ( => current thread )
Total: 0

Other Threads:
  0x000001387e10efd0 WorkerThread "GC Thread#0"                     [id=261932, stack(0x00000005fde00000,0x00000005fdf00000) (1024K)]
  0x000001387e11faf0 ConcurrentGCThread "G1 Main Marker"            [id=177884, stack(0x00000005fdf00000,0x00000005fe000000) (1024K)]
  0x000001387e120d90 WorkerThread "G1 Conc#0"                       [id=132200, stack(0x00000005fe000000,0x00000005fe100000) (1024K)]

[error occurred during error reporting (printing all threads), id 0xc0000005, EXCEPTION_ACCESS_VIOLATION (0xc0000005) at pc=0x00007ff9a30e5ed7]
VM state: not at safepoint (not fully initialized)

VM Mutex/Monitor currently owned by a thread:  ([mutex/lock_event])
[0x00007ff9a3a5e3a8] Heap_lock - owner thread: 0x000001387bb537a0

Heap address: 0x0000001001000000, size: 30208 MB, Compressed Oops mode: Non-zero disjoint base: 0x0000001000000000, Oop shift amount: 3

CDS archive(s) mapped at: [0x0000000000000000-0x0000000000000000-0x0000000000000000), size 0, SharedBaseAddress: 0x0000000800000000, ArchiveRelocationMode: 1.
Narrow klass base: 0x0000000000000000, Narrow klass shift: 0, Narrow klass range: 0x0

GC Precious Log:
 CardTable entry size: 512
 Card Set container configuration: InlinePtr #cards 3 size 8 Array Of Cards #cards 128 size 272 Howl #buckets 8 coarsen threshold 29491 Howl Bitmap #cards 4096 size 528 coarsen threshold 3686 Card regions per heap region 1 cards per card region 32768

Heap:
 garbage-first heap   total 0K, used 0K [0x0000001001000000, 0x0000001761000000)
  region size 16384K, 0 young (0K), 0 survivors (0K)

[error occurred during error reporting (printing heap information), id 0xc0000005, EXCEPTION_ACCESS_VIOLATION (0xc0000005) at pc=0x00007ff9a34d4139]
GC Heap History (0 events):
No events

Dll operation events (1 events):
Event: 0.004 Loaded shared library C:\Users\nklom\.jdks\corretto-21.0.7\bin\java.dll

Deoptimization events (0 events):
No events

Classes loaded (0 events):
No events

Classes unloaded (0 events):
No events

Classes redefined (0 events):
No events

Internal exceptions (0 events):
No events

ZGC Phase Switch (0 events):
No events

VM Operations (0 events):
No events

Memory protections (0 events):
No events

Nmethod flushes (0 events):
No events

Events (0 events):
No events


Dynamic libraries:
0x00007ff60fe30000 - 0x00007ff60fe3e000 	C:\Users\nklom\.jdks\corretto-21.0.7\bin\java.exe
0x00007ffa55940000 - 0x00007ffa55ba7000 	C:\windows\SYSTEM32\ntdll.dll
0x00007ffa541c0000 - 0x00007ffa54289000 	C:\windows\System32\KERNEL32.DLL
0x00007ffa53170000 - 0x00007ffa53561000 	C:\windows\System32\KERNELBASE.dll
0x00007ffa52350000 - 0x00007ffa5249b000 	C:\windows\System32\ucrtbase.dll
0x00007ffa262c0000 - 0x00007ffa262d8000 	C:\Users\nklom\.jdks\corretto-21.0.7\bin\jli.dll
0x00007ffa20ed0000 - 0x00007ffa20eeb000 	C:\Users\nklom\.jdks\corretto-21.0.7\bin\VCRUNTIME140.dll
0x00007ffa53f20000 - 0x00007ffa540e5000 	C:\windows\System32\USER32.dll
0x00007ffa37bb0000 - 0x00007ffa37e43000 	C:\windows\WinSxS\amd64_microsoft.windows.common-controls_6595b64144ccf1df_6.0.26100.8037_none_3e092faae333b53b\COMCTL32.dll
0x00007ffa526a0000 - 0x00007ffa526c7000 	C:\windows\System32\win32u.dll
0x00007ffa54ed0000 - 0x00007ffa54efb000 	C:\windows\System32\GDI32.dll
0x00007ffa53d50000 - 0x00007ffa53df9000 	C:\windows\System32\msvcrt.dll
0x00007ffa52220000 - 0x00007ffa5234b000 	C:\windows\System32\gdi32full.dll
0x00007ffa53570000 - 0x00007ffa53613000 	C:\windows\System32\msvcp_win.dll
0x00007ffa53ee0000 - 0x00007ffa53f11000 	C:\windows\System32\IMM32.DLL
0x00007ffa4fa30000 - 0x00007ffa4fa3c000 	C:\Users\nklom\.jdks\corretto-21.0.7\bin\vcruntime140_1.dll
0x00007ffa1e360000 - 0x00007ffa1e3ed000 	C:\Users\nklom\.jdks\corretto-21.0.7\bin\msvcp140.dll
0x00007ff9a2da0000 - 0x00007ff9a3b3f000 	C:\Users\nklom\.jdks\corretto-21.0.7\bin\server\jvm.dll
0x00007ffa54800000 - 0x00007ffa548bb000 	C:\windows\System32\ADVAPI32.dll
0x00007ffa53b10000 - 0x00007ffa53bb7000 	C:\windows\System32\sechost.dll
0x00007ffa53bc0000 - 0x00007ffa53cd8000 	C:\windows\System32\RPCRT4.dll
0x00007ffa536e0000 - 0x00007ffa53754000 	C:\windows\System32\WS2_32.dll
0x00007ffa45e50000 - 0x00007ffa45e85000 	C:\windows\SYSTEM32\WINMM.dll
0x00007ffa4c920000 - 0x00007ffa4c92b000 	C:\windows\SYSTEM32\VERSION.dll
0x00007ffa51ed0000 - 0x00007ffa51f2e000 	C:\windows\SYSTEM32\POWRPROF.dll
0x00007ffa51eb0000 - 0x00007ffa51ec4000 	C:\windows\SYSTEM32\UMPDC.dll
0x00007ffa50f70000 - 0x00007ffa50f8b000 	C:\windows\SYSTEM32\kernel.appcore.dll
0x00007ffa39750000 - 0x00007ffa3975a000 	C:\Users\nklom\.jdks\corretto-21.0.7\bin\jimage.dll
0x00007ffa44770000 - 0x00007ffa449b2000 	C:\windows\SYSTEM32\DBGHELP.DLL
0x00007ffa54470000 - 0x00007ffa547f2000 	C:\windows\System32\combase.dll
0x00007ffa53e00000 - 0x00007ffa53ed7000 	C:\windows\System32\OLEAUT32.dll
0x00007ffa33fa0000 - 0x00007ffa33fdb000 	C:\windows\SYSTEM32\dbgcore.DLL
0x00007ffa52f40000 - 0x00007ffa52fe5000 	C:\windows\System32\bcryptPrimitives.dll
0x00007ffa20eb0000 - 0x00007ffa20ecf000 	C:\Users\nklom\.jdks\corretto-21.0.7\bin\java.dll

dbghelp: loaded successfully - version: 4.0.5 - missing functions: none
symbol engine: initialized successfully - sym options: 0x614 - pdb path: .;C:\Users\nklom\.jdks\corretto-21.0.7\bin;C:\windows\SYSTEM32;C:\windows\WinSxS\amd64_microsoft.windows.common-controls_6595b64144ccf1df_6.0.26100.8037_none_3e092faae333b53b;C:\Users\nklom\.jdks\corretto-21.0.7\bin\server

VM Arguments:
java_command: C:\Users\nklom\.gradle\build-scan-data\4.0.2\gradle-build-scan-background-upload-c55a876425acb43797b490ab53c8760d.jar
java_class_path (initial): C:\Users\nklom\.gradle\build-scan-data\4.0.2\gradle-build-scan-background-upload-c55a876425acb43797b490ab53c8760d.jar
Launcher Type: SUN_STANDARD

[Global flags]
     intx CICompilerCount                          = 15                                        {product} {ergonomic}
     uint ConcGCThreads                            = 6                                         {product} {ergonomic}
     uint G1ConcRefinementThreads                  = 23                                        {product} {ergonomic}
   size_t G1HeapRegionSize                         = 16777216                                  {product} {ergonomic}
    uintx GCDrainStackTargetSize                   = 64                                        {product} {ergonomic}
   size_t InitialHeapSize                          = 2147483648                                {product} {ergonomic}
   size_t MarkStackSize                            = 4194304                                   {product} {ergonomic}
   size_t MaxHeapSize                              = 31675383808                               {product} {ergonomic}
   size_t MinHeapDeltaBytes                        = 16777216                                  {product} {ergonomic}
   size_t MinHeapSize                              = 16777216                                  {product} {ergonomic}
    uintx NonNMethodCodeHeapSize                   = 8192380                                {pd product} {ergonomic}
    uintx NonProfiledCodeHeapSize                  = 121732930                              {pd product} {ergonomic}
    uintx ProfiledCodeHeapSize                     = 121732930                              {pd product} {ergonomic}
    uintx ReservedCodeCacheSize                    = 251658240                              {pd product} {ergonomic}
     bool SegmentedCodeCache                       = true                                      {product} {ergonomic}
   size_t SoftMaxHeapSize                          = 31675383808                            {manageable} {ergonomic}
     bool UseCompressedOops                        = true                           {product lp64_product} {ergonomic}
     bool UseG1GC                                  = true                                      {product} {ergonomic}
     bool UseLargePagesIndividualAllocation        = false                                  {pd product} {ergonomic}

Logging:
Log output configuration:
 #0: stdout all=warning uptime,level,tags foldmultilines=false
 #1: stderr all=off uptime,level,tags foldmultilines=false

Environment Variables:
JAVA_HOME=C:\Users\nklom\.jdks\corretto-21.0.7
PATH=C:\Program Files\Git\mingw64\bin;C:\Program Files\Git\usr\bin;C:\Users\nklom\bin;C:\Python313\Scripts;C:\Python313;C:\Python312\Scripts;C:\Python312;C:\windows\system32;C:\windows;C:\windows\System32\Wbem;C:\windows\System32\WindowsPowerShell\v1.0;C:\windows\System32\OpenSSH;C:\Program Files\dotnet;C:\Program Files\Git\cmd;C:\ProgramData\chocolatey\bin;C:\Program Files (x86)\Windows Kits\10\Windows Performance Toolkit;C:\Program Files (x86)\Windows Kits\10\Microsoft Application Virtualization\Sequencer;C:\Program Files\Crucial\Crucial Storage Executive;C:\Program Files\GitHub CLI;C:\Program Files\nodejs;C:\Program Files\NVIDIA Corporation\NVIDIA App\NvDLISR;C:\Program Files (x86)\NVIDIA Corporation\PhysX\Common;C:\Users\nklom\.local\bin;C:\Program Files\Tailscale;C:\Program Files\Docker\Docker\resources\bin;C:\Users\nklom\.cargo\bin;C:\Users\nklom\AppData\Local\pnpm;C:\Users\nklom\AppData\Local\Microsoft\WindowsApps;C:\Program Files\JetBrains\IntelliJ IDEA 2024.3.1\bin;C:\Users\nklom\AppData\Local\JetBrains\Toolbox\scripts;C:\Program Files\JetBrains\IntelliJ IDEA 2025.1.1.1\bin;C:\Users\nklom\AppData\Roaming\Python\Python312\Scripts;C:\Users\nklom\.jdks\corretto-21.0.7\bin;C:\Users\nklom\AppData\Local\Android\Sdk\platform-tools;C:\dev\watchman\bin;C:\Users\nklom\AppData\Roaming\npm;C:\Users\nklom\AppData\Local\GitHubDesktop\bin;C:\Users\nklom\AppData\Local\Microsoft\WinGet\Links;C:\Users\nklom\.local\bin
USERNAME=nklom
SHELL=C:\Program Files\Git\usr\bin\bash.exe
TERM=xterm-256color
OS=Windows_NT
PROCESSOR_IDENTIFIER=AMD64 Family 25 Model 97 Stepping 2, AuthenticAMD
TMP=C:\Users\nklom\AppData\Local\Temp
TEMP=C:\Users\nklom\AppData\Local\Temp




Periodic native trim disabled

---------------  S Y S T E M  ---------------

OS:
 Windows 11 , 64 bit Build 26100 (10.0.26100.7920)
OS uptime: 8 days 16:27 hours
Hyper-V role detected

CPU: total 32 (initial active 32) (32 cores per cpu, 2 threads per core) family 25 model 97 stepping 2 microcode 0xa60120c, cx8, cmov, fxsr, ht, mmx, 3dnowpref, sse, sse2, sse3, ssse3, sse4a, sse4.1, sse4.2, popcnt, lzcnt, tsc, tscinvbit, avx, avx2, aes, erms, clmul, bmi1, bmi2, adx, avx512f, avx512dq, avx512cd, avx512bw, avx512vl, sha, fma, vzeroupper, avx512_vpopcntdq, avx512_vpclmulqdq, avx512_vaes, avx512_vnni, clflush, clflushopt, avx512_vbmi2, avx512_vbmi, hv, rdtscp, rdpid, fsrm, gfni, avx512_bitalg, f16c, cet_ss, avx512_ifma
Processor Information for the first 32 processors :
  Max Mhz: 4201, Current Mhz: 4201, Mhz Limit: 4201

Memory: 4k page, system-wide physical 130196M (26674M free)
TotalPageFile size 212420M (AvailPageFile size 3096M)
current process WorkingSet (physical memory assigned to process): 14M, peak: 14M
current process commit charge ("private bytes"): 109M, peak: 2161M

vm_info: OpenJDK 64-Bit Server VM (21.0.7+6-LTS) for windows-amd64 JRE (21.0.7+6-LTS), built on 2025-04-14T16:08:54Z by "Administrator" with MS VC++ 16.10 / 16.11 (VS2019)

END.
